// Jest Snapshot v1, https://goo.gl/fbAQLP

exports[`Render Correct 1`] = `ReactWrapper {}`;
